2026-10-06 14:00:21 INFO Teste do sistema de logging
2026-10-06 15:48:02 WARNING Arquivo de metadados não encontrado: storage\metadata\documentos.json
2026-10-08 01:16:44 WARNING Arquivo de metadados não encontrado: storage\metadata\documentos.json
2026-10-08 01:23:21 WARNING Arquivo de metadados não encontrado: storage\metadata\documentos.json
2026-10-08 01:23:21 WARNING Documento não encontrado: ID 999
2026-10-08 01:34:21 WARNING Arquivo de metadados não encontrado: storage\metadata\documentos.json
2026-10-08 01:34:21 INFO Arquivo salvo: 1.txt
2026-10-08 01:34:21 INFO SHA-256 calculado para o arquivo: 1.txt
2026-10-08 01:40:57 WARNING Arquivo de metadados não encontrado: storage\metadata\documentos.json
2026-10-08 01:40:57 INFO Arquivo salvo: 1.txt
2026-10-08 01:40:57 INFO SHA-256 calculado para o arquivo: 1.txt
2026-10-08 01:40:57 WARNING Arquivo de metadados não encontrado: storage\metadata\documentos.json
2026-10-08 01:40:57 INFO Metadados dos documentos salvos. Total de registros: 1
2026-10-08 01:40:57 INFO Documento adicionado: ID 1
2026-10-08 01:41:54 INFO Metadados dos documentos carregados.
2026-10-08 01:41:54 INFO Arquivo salvo: 2.txt
2026-10-08 01:41:54 INFO SHA-256 calculado para o arquivo: 2.txt
2026-10-08 01:41:54 INFO Metadados dos documentos carregados.
2026-10-08 01:41:54 INFO Metadados dos documentos salvos. Total de registros: 2
2026-10-08 01:41:54 INFO Documento adicionado: ID 2
2026-10-08 01:56:54 INFO Metadados dos documentos carregados.
2026-10-08 02:01:46 INFO Metadados dos documentos carregados.
2026-10-08 02:01:46 INFO Documento encontrado: ID 2
2026-10-08 02:01:55 INFO Metadados dos documentos carregados.
2026-10-08 02:01:55 INFO Documento encontrado: ID 1
2026-10-08 02:02:21 INFO Metadados dos documentos carregados.
2026-10-08 02:02:21 INFO Documento encontrado: ID 2
2026-10-08 02:06:22 INFO Metadados dos documentos carregados.
2026-10-08 02:06:22 INFO Documento encontrado: ID 2
2026-10-08 02:06:22 INFO Metadados dos documentos carregados.
2026-10-08 02:06:22 INFO Metadados dos documentos salvos. Total de registros: 2
2026-10-08 02:06:22 INFO Documento atualizado: ID 2
2026-10-08 02:06:47 INFO Metadados dos documentos carregados.
2026-10-08 02:06:47 INFO Documento encontrado: ID 2
2026-10-08 02:07:17 INFO Metadados dos documentos carregados.
2026-10-08 02:07:17 INFO Documento encontrado: ID 1
2026-10-08 02:07:17 INFO Arquivo excluído: 1.txt
2026-10-08 02:07:17 INFO Metadados dos documentos carregados.
2026-10-08 02:07:17 INFO Metadados dos documentos salvos. Total de registros: 1
2026-10-08 02:07:17 INFO Documento removido: ID 1
2026-10-08 02:30:04 INFO Metadados dos documentos carregados.
2026-10-08 02:30:04 WARNING Documento não encontrado: ID 1
2026-10-08 02:30:08 INFO Metadados dos documentos carregados.
2026-10-08 02:30:08 INFO Documento encontrado: ID 2
2026-10-08 02:30:08 INFO Arquivo excluído: 2.txt
2026-10-08 02:30:08 INFO Metadados dos documentos carregados.
2026-10-08 02:30:08 INFO Metadados dos documentos salvos. Total de registros: 0
2026-10-08 02:30:08 INFO Documento removido: ID 2
2026-10-08 02:42:07 INFO Metadados dos documentos carregados.
2026-10-08 02:49:09 INFO Metadados dos documentos carregados.
2026-10-08 02:49:09 INFO Arquivo salvo: 1.txt
2026-10-08 02:49:09 INFO SHA-256 calculado para o arquivo: 1.txt
2026-10-08 02:49:09 INFO Metadados dos documentos carregados.
2026-10-08 02:49:09 INFO Metadados dos documentos salvos. Total de registros: 1
2026-10-08 02:49:09 INFO Documento adicionado: ID 1
2026-10-08 02:49:49 INFO Metadados dos documentos carregados.
2026-10-08 02:49:49 INFO Arquivo salvo: 2.txt
2026-10-08 02:49:49 INFO SHA-256 calculado para o arquivo: 2.txt
2026-10-08 02:49:49 INFO Metadados dos documentos carregados.
2026-10-08 02:49:49 INFO Metadados dos documentos salvos. Total de registros: 2
2026-10-08 02:49:49 INFO Documento adicionado: ID 2
2026-10-08 02:50:14 INFO Metadados dos documentos carregados.
2026-10-08 02:50:14 INFO Arquivo salvo: 3.txt
2026-10-08 02:50:14 INFO SHA-256 calculado para o arquivo: 3.txt
2026-10-08 02:50:14 INFO Metadados dos documentos carregados.
2026-10-08 02:50:14 INFO Metadados dos documentos salvos. Total de registros: 3
2026-10-08 02:50:14 INFO Documento adicionado: ID 3
2026-10-08 02:50:58 INFO Metadados dos documentos carregados.
2026-10-08 02:53:20 INFO Metadados dos documentos carregados.
2026-10-08 02:53:33 INFO Metadados dos documentos carregados.
2026-10-08 02:53:37 INFO Metadados dos documentos carregados.
2026-10-08 02:54:18 INFO Metadados dos documentos carregados.
2026-10-08 02:54:46 INFO Metadados dos documentos carregados.
2026-10-08 02:54:54 INFO Metadados dos documentos carregados.
2026-10-08 03:00:42 INFO Metadados dos documentos carregados.
2026-10-08 03:03:32 INFO Metadados dos documentos carregados.
2026-10-08 03:03:32 INFO Arquivo salvo: 4.txt
2026-10-08 03:03:32 INFO SHA-256 calculado para o arquivo: 4.txt
2026-10-08 03:03:32 INFO Metadados dos documentos carregados.
2026-10-08 03:03:32 INFO Metadados dos documentos salvos. Total de registros: 4
2026-10-08 03:03:32 INFO Documento adicionado: ID 4
2026-10-08 03:03:53 INFO Metadados dos documentos carregados.
2026-10-08 03:11:39 INFO Metadados dos documentos carregados.
2026-10-08 03:11:39 INFO Documento encontrado: ID 1
2026-10-08 03:11:39 INFO SHA-256 calculado para o arquivo: 1.txt
2026-10-08 03:11:39 INFO INTEGRIDADE_OK id=1
2026-10-08 03:12:09 INFO Metadados dos documentos carregados.
2026-10-08 03:12:09 INFO Documento encontrado: ID 4
2026-10-08 03:12:09 INFO SHA-256 calculado para o arquivo: 4.txt
2026-10-08 03:12:09 INFO INTEGRIDADE_OK id=4
2026-10-08 03:13:49 INFO Metadados dos documentos carregados.
2026-10-08 03:13:49 INFO Documento encontrado: ID 4
2026-10-08 03:13:49 INFO SHA-256 calculado para o arquivo: 4.txt
2026-10-08 03:13:49 WARNING INTEGRIDADE_FALHOU id=4
2026-10-08 03:13:59 INFO Metadados dos documentos carregados.
2026-10-08 03:13:59 INFO Documento encontrado: ID 3
2026-10-08 03:13:59 INFO SHA-256 calculado para o arquivo: 3.txt
2026-10-08 03:13:59 INFO INTEGRIDADE_OK id=3
2026-10-08 03:14:04 INFO Metadados dos documentos carregados.
2026-10-08 03:14:04 INFO Documento encontrado: ID 4
2026-10-08 03:14:04 INFO SHA-256 calculado para o arquivo: 4.txt
2026-10-08 03:14:04 WARNING INTEGRIDADE_FALHOU id=4
2026-10-08 03:14:18 INFO Metadados dos documentos carregados.
2026-10-08 03:14:18 INFO Documento encontrado: ID 4
2026-10-08 03:14:18 INFO SHA-256 calculado para o arquivo: 4.txt
2026-10-08 03:14:18 INFO INTEGRIDADE_OK id=4
2026-10-08 03:14:45 INFO Metadados dos documentos carregados.
2026-10-08 03:14:45 WARNING Documento não encontrado: ID 999
2026-10-08 03:14:45 WARNING INTEGRIDADE_DOCUMENTO_NAO_ENCONTRADO id=999
2026-10-08 03:15:19 INFO Metadados dos documentos carregados.
2026-10-08 03:15:19 INFO Documento encontrado: ID 4
2026-10-08 03:15:19 WARNING INTEGRIDADE_ARQUIVO_NAO_ENCONTRADO id=4
2026-10-08 03:15:33 INFO Metadados dos documentos carregados.
2026-10-08 03:15:33 INFO Documento encontrado: ID 4
2026-10-08 03:15:33 WARNING INTEGRIDADE_ARQUIVO_NAO_ENCONTRADO id=4
2026-10-08 03:16:23 INFO Metadados dos documentos carregados.
2026-10-08 03:16:23 INFO Documento encontrado: ID 4
2026-10-08 03:16:23 INFO SHA-256 calculado para o arquivo: 4.txt
2026-10-08 03:16:23 INFO INTEGRIDADE_OK id=4
2026-10-08 03:18:34 INFO Metadados dos documentos carregados.
2026-10-08 03:18:34 INFO Documento encontrado: ID 4
2026-10-08 03:18:34 INFO SHA-256 calculado para o arquivo: 4.txt
2026-10-08 03:18:34 INFO INTEGRIDADE_OK id=4
2026-10-08 18:03:17 WARNING Arquivo de metadados não encontrado: storage\metadata\documentos.json
2026-10-08 18:04:39 WARNING Arquivo de metadados não encontrado: storage\metadata\documentos.json
2026-10-08 18:06:23 WARNING Arquivo de metadados não encontrado: storage\metadata\documentos.json
2026-10-08 18:06:23 INFO Arquivo salvo: 1.txt
2026-10-08 18:06:23 INFO SHA-256 calculado para o arquivo: 1.txt
2026-10-08 18:06:23 WARNING Arquivo de metadados não encontrado: storage\metadata\documentos.json
2026-10-08 18:06:23 INFO Metadados dos documentos salvos. Total de registros: 1
2026-10-08 18:06:23 INFO Documento adicionado: ID 1
2026-10-08 18:07:33 INFO Metadados dos documentos carregados.
2026-10-08 18:07:33 INFO Arquivo salvo: 2.txt
2026-10-08 18:07:33 INFO SHA-256 calculado para o arquivo: 2.txt
2026-10-08 18:07:33 INFO Metadados dos documentos carregados.
2026-10-08 18:07:33 INFO Metadados dos documentos salvos. Total de registros: 2
2026-10-08 18:07:33 INFO Documento adicionado: ID 2
2026-10-08 18:09:09 INFO Metadados dos documentos carregados.
2026-10-08 18:10:07 INFO Metadados dos documentos carregados.
2026-10-08 18:12:12 INFO Metadados dos documentos carregados.
2026-10-08 18:12:12 INFO Metadados dos documentos carregados.
2026-10-08 18:12:12 INFO Arquivo salvo: 3.txt
2026-10-08 18:12:12 INFO SHA-256 calculado para o arquivo: 3.txt
2026-10-08 18:12:12 INFO Metadados dos documentos carregados.
2026-10-08 18:12:12 INFO Metadados dos documentos salvos. Total de registros: 3
2026-10-08 18:12:12 INFO Documento adicionado: ID 3
2026-10-08 18:12:12 INFO Metadados dos documentos carregados.
2026-10-08 18:12:12 INFO Arquivo salvo: 4.txt
2026-10-08 18:12:12 INFO SHA-256 calculado para o arquivo: 4.txt
2026-10-08 18:12:12 INFO Metadados dos documentos carregados.
2026-10-08 18:12:12 INFO Metadados dos documentos salvos. Total de registros: 4
2026-10-08 18:12:12 INFO Documento adicionado: ID 4
2026-10-08 18:12:12 INFO Metadados dos documentos carregados.
2026-10-08 18:12:12 INFO Arquivo salvo: 5.txt
2026-10-08 18:12:12 INFO SHA-256 calculado para o arquivo: 5.txt
2026-10-08 18:12:12 INFO Metadados dos documentos carregados.
2026-10-08 18:12:12 INFO Metadados dos documentos salvos. Total de registros: 5
2026-10-08 18:12:12 INFO Documento adicionado: ID 5
2026-10-08 18:12:12 INFO Metadados dos documentos carregados.
2026-10-08 18:12:12 INFO Arquivo salvo: 6.txt
2026-10-08 18:12:12 INFO SHA-256 calculado para o arquivo: 6.txt
2026-10-08 18:12:12 INFO Metadados dos documentos carregados.
2026-10-08 18:12:12 INFO Metadados dos documentos salvos. Total de registros: 6
2026-10-08 18:12:12 INFO Documento adicionado: ID 6
2026-10-08 18:12:12 INFO Metadados dos documentos carregados.
2026-10-08 18:12:12 INFO Arquivo salvo: 7.csv
2026-10-08 18:12:12 INFO SHA-256 calculado para o arquivo: 7.csv
2026-10-08 18:12:12 INFO Metadados dos documentos carregados.
2026-10-08 18:12:12 INFO Metadados dos documentos salvos. Total de registros: 7
2026-10-08 18:12:12 INFO Documento adicionado: ID 7
2026-10-08 18:12:12 INFO Metadados dos documentos carregados.
2026-10-08 18:12:12 INFO Arquivo salvo: 8.csv
2026-10-08 18:12:12 INFO SHA-256 calculado para o arquivo: 8.csv
2026-10-08 18:12:12 INFO Metadados dos documentos carregados.
2026-10-08 18:12:12 INFO Metadados dos documentos salvos. Total de registros: 8
2026-10-08 18:12:12 INFO Documento adicionado: ID 8
2026-10-08 18:12:12 INFO Metadados dos documentos carregados.
2026-10-08 18:12:12 INFO Arquivo salvo: 9.csv
2026-10-08 18:12:12 INFO SHA-256 calculado para o arquivo: 9.csv
2026-10-08 18:12:12 INFO Metadados dos documentos carregados.
2026-10-08 18:12:12 INFO Metadados dos documentos salvos. Total de registros: 9
2026-10-08 18:12:12 INFO Documento adicionado: ID 9
2026-10-08 18:12:12 INFO Metadados dos documentos carregados.
2026-10-08 18:12:12 INFO Arquivo salvo: 10.pdf
2026-10-08 18:12:12 INFO SHA-256 calculado para o arquivo: 10.pdf
2026-10-08 18:12:12 INFO Metadados dos documentos carregados.
2026-10-08 18:12:12 INFO Metadados dos documentos salvos. Total de registros: 10
2026-10-08 18:12:12 INFO Documento adicionado: ID 10
2026-10-08 18:12:13 INFO Metadados dos documentos carregados.
2026-10-08 18:12:13 INFO Arquivo salvo: 11.pdf
2026-10-08 18:12:13 INFO SHA-256 calculado para o arquivo: 11.pdf
2026-10-08 18:12:13 INFO Metadados dos documentos carregados.
2026-10-08 18:12:13 INFO Metadados dos documentos salvos. Total de registros: 11
2026-10-08 18:12:13 INFO Documento adicionado: ID 11
2026-10-08 18:12:13 INFO Metadados dos documentos carregados.
2026-10-08 18:12:13 INFO Arquivo salvo: 12.pdf
2026-10-08 18:12:13 INFO SHA-256 calculado para o arquivo: 12.pdf
2026-10-08 18:12:13 INFO Metadados dos documentos carregados.
2026-10-08 18:12:13 INFO Metadados dos documentos salvos. Total de registros: 12
2026-10-08 18:12:13 INFO Documento adicionado: ID 12
2026-10-08 18:12:13 INFO Metadados dos documentos carregados.
2026-10-08 18:12:13 INFO Arquivo salvo: 13.png
2026-10-08 18:12:13 INFO SHA-256 calculado para o arquivo: 13.png
2026-10-08 18:12:13 INFO Metadados dos documentos carregados.
2026-10-08 18:12:13 INFO Metadados dos documentos salvos. Total de registros: 13
2026-10-08 18:12:13 INFO Documento adicionado: ID 13
2026-10-08 18:12:13 INFO Metadados dos documentos carregados.
2026-10-08 18:12:13 INFO Arquivo salvo: 14.png
2026-10-08 18:12:13 INFO SHA-256 calculado para o arquivo: 14.png
2026-10-08 18:12:13 INFO Metadados dos documentos carregados.
2026-10-08 18:12:13 INFO Metadados dos documentos salvos. Total de registros: 14
2026-10-08 18:12:13 INFO Documento adicionado: ID 14
2026-10-08 18:12:13 INFO Metadados dos documentos carregados.
2026-10-08 18:12:13 INFO Arquivo salvo: 15.png
2026-10-08 18:12:13 INFO SHA-256 calculado para o arquivo: 15.png
2026-10-08 18:12:13 INFO Metadados dos documentos carregados.
2026-10-08 18:12:13 INFO Metadados dos documentos salvos. Total de registros: 15
2026-10-08 18:12:13 INFO Documento adicionado: ID 15
2026-10-08 18:12:13 INFO Metadados dos documentos carregados.
2026-10-08 18:12:13 INFO Arquivo salvo: 16.json
2026-10-08 18:12:13 INFO SHA-256 calculado para o arquivo: 16.json
2026-10-08 18:12:13 INFO Metadados dos documentos carregados.
2026-10-08 18:12:13 INFO Metadados dos documentos salvos. Total de registros: 16
2026-10-08 18:12:13 INFO Documento adicionado: ID 16
2026-10-08 18:12:13 INFO Metadados dos documentos carregados.
2026-10-08 18:12:13 INFO Arquivo salvo: 17.json
2026-10-08 18:12:13 INFO SHA-256 calculado para o arquivo: 17.json
2026-10-08 18:12:13 INFO Metadados dos documentos carregados.
2026-10-08 18:12:13 INFO Metadados dos documentos salvos. Total de registros: 17
2026-10-08 18:12:13 INFO Documento adicionado: ID 17
2026-10-08 18:12:13 INFO Metadados dos documentos carregados.
2026-10-08 18:12:28 INFO Metadados dos documentos carregados.
2026-10-08 18:12:28 INFO Metadados dos documentos carregados.
2026-10-08 18:12:28 INFO Documento encontrado: ID 3
2026-10-08 18:12:28 INFO Metadados dos documentos carregados.
2026-10-08 18:12:28 INFO Documento encontrado: ID 4
2026-10-08 18:12:28 INFO Metadados dos documentos carregados.
2026-10-08 18:12:28 INFO Documento encontrado: ID 5
2026-10-08 18:12:28 INFO Metadados dos documentos carregados.
2026-10-08 18:12:28 INFO Documento encontrado: ID 6
2026-10-08 18:12:29 INFO Metadados dos documentos carregados.
2026-10-08 18:12:29 INFO Documento encontrado: ID 7
2026-10-08 18:12:29 INFO Metadados dos documentos carregados.
2026-10-08 18:12:29 INFO Documento encontrado: ID 8
2026-10-08 18:12:29 INFO Metadados dos documentos carregados.
2026-10-08 18:12:29 INFO Documento encontrado: ID 9
2026-10-08 18:12:29 INFO Metadados dos documentos carregados.
2026-10-08 18:12:29 INFO Documento encontrado: ID 10
2026-10-08 18:12:29 INFO Metadados dos documentos carregados.
2026-10-08 18:12:29 INFO Documento encontrado: ID 11
2026-10-08 18:12:29 INFO Metadados dos documentos carregados.
2026-10-08 18:12:29 INFO Documento encontrado: ID 12
2026-10-08 18:12:29 INFO Metadados dos documentos carregados.
2026-10-08 18:12:29 INFO Documento encontrado: ID 13
2026-10-08 18:12:29 INFO Metadados dos documentos carregados.
2026-10-08 18:12:29 INFO Documento encontrado: ID 14
2026-10-08 18:12:29 INFO Metadados dos documentos carregados.
2026-10-08 18:12:29 INFO Documento encontrado: ID 15
2026-10-08 18:12:29 INFO Metadados dos documentos carregados.
2026-10-08 18:12:29 INFO Documento encontrado: ID 16
2026-10-08 18:12:29 INFO Metadados dos documentos carregados.
2026-10-08 18:12:29 INFO Documento encontrado: ID 17
2026-10-08 18:12:29 INFO Metadados dos documentos carregados.
2026-10-08 18:12:29 INFO Documento encontrado: ID 3
2026-10-08 18:12:29 INFO Metadados dos documentos carregados.
2026-10-08 18:12:29 INFO Documento encontrado: ID 4
2026-10-08 18:12:29 INFO Metadados dos documentos carregados.
2026-10-08 18:12:29 INFO Documento encontrado: ID 5
2026-10-08 18:12:29 INFO Metadados dos documentos carregados.
2026-10-08 18:12:29 INFO Documento encontrado: ID 6
2026-10-08 18:12:29 INFO Metadados dos documentos carregados.
2026-10-08 18:12:29 INFO Documento encontrado: ID 7
2026-10-08 18:12:29 INFO Metadados dos documentos carregados.
2026-10-08 18:12:29 INFO Documento encontrado: ID 8
2026-10-08 18:12:29 INFO Metadados dos documentos carregados.
2026-10-08 18:12:29 INFO Documento encontrado: ID 9
2026-10-08 18:12:29 INFO Metadados dos documentos carregados.
2026-10-08 18:12:29 INFO Documento encontrado: ID 10
2026-10-08 18:12:29 INFO Metadados dos documentos carregados.
2026-10-08 18:12:29 INFO Documento encontrado: ID 11
2026-10-08 18:12:29 INFO Metadados dos documentos carregados.
2026-10-08 18:12:29 INFO Documento encontrado: ID 12
2026-10-08 18:12:29 INFO Metadados dos documentos carregados.
2026-10-08 18:12:29 INFO Documento encontrado: ID 13
2026-10-08 18:12:29 INFO Metadados dos documentos carregados.
2026-10-08 18:12:29 INFO Documento encontrado: ID 14
2026-10-08 18:12:29 INFO Metadados dos documentos carregados.
2026-10-08 18:12:29 INFO Documento encontrado: ID 15
2026-10-08 18:12:29 INFO Metadados dos documentos carregados.
2026-10-08 18:12:29 INFO Documento encontrado: ID 16
2026-10-08 18:12:29 INFO Metadados dos documentos carregados.
2026-10-08 18:12:29 INFO Documento encontrado: ID 17
2026-10-08 18:12:29 INFO Metadados dos documentos carregados.
2026-10-08 18:12:29 INFO Documento encontrado: ID 3
2026-10-08 18:12:29 INFO SHA-256 calculado para o arquivo: 3.txt
2026-10-08 18:12:29 INFO INTEGRIDADE_OK id=3
2026-10-08 18:12:29 INFO Metadados dos documentos carregados.
2026-10-08 18:12:29 INFO Documento encontrado: ID 4
2026-10-08 18:12:29 INFO SHA-256 calculado para o arquivo: 4.txt
2026-10-08 18:12:29 INFO INTEGRIDADE_OK id=4
2026-10-08 18:12:29 INFO Metadados dos documentos carregados.
2026-10-08 18:12:29 INFO Documento encontrado: ID 5
2026-10-08 18:12:29 INFO SHA-256 calculado para o arquivo: 5.txt
2026-10-08 18:12:29 INFO INTEGRIDADE_OK id=5
2026-10-08 18:12:29 INFO Metadados dos documentos carregados.
2026-10-08 18:12:29 INFO Documento encontrado: ID 6
2026-10-08 18:12:29 INFO SHA-256 calculado para o arquivo: 6.txt
2026-10-08 18:12:29 INFO INTEGRIDADE_OK id=6
2026-10-08 18:12:29 INFO Metadados dos documentos carregados.
2026-10-08 18:12:29 INFO Documento encontrado: ID 7
2026-10-08 18:12:29 INFO SHA-256 calculado para o arquivo: 7.csv
2026-10-08 18:12:29 INFO INTEGRIDADE_OK id=7
2026-10-08 18:12:29 INFO Metadados dos documentos carregados.
2026-10-08 18:12:29 INFO Documento encontrado: ID 8
2026-10-08 18:12:29 INFO SHA-256 calculado para o arquivo: 8.csv
2026-10-08 18:12:29 INFO INTEGRIDADE_OK id=8
2026-10-08 18:12:29 INFO Metadados dos documentos carregados.
2026-10-08 18:12:29 INFO Documento encontrado: ID 9
2026-10-08 18:12:29 INFO SHA-256 calculado para o arquivo: 9.csv
2026-10-08 18:12:29 INFO INTEGRIDADE_OK id=9
2026-10-08 18:12:29 INFO Metadados dos documentos carregados.
2026-10-08 18:12:29 INFO Documento encontrado: ID 10
2026-10-08 18:12:29 INFO SHA-256 calculado para o arquivo: 10.pdf
2026-10-08 18:12:29 INFO INTEGRIDADE_OK id=10
2026-10-08 18:12:29 INFO Metadados dos documentos carregados.
2026-10-08 18:12:29 INFO Documento encontrado: ID 11
2026-10-08 18:12:29 INFO SHA-256 calculado para o arquivo: 11.pdf
2026-10-08 18:12:29 INFO INTEGRIDADE_OK id=11
2026-10-08 18:12:29 INFO Metadados dos documentos carregados.
2026-10-08 18:12:29 INFO Documento encontrado: ID 12
2026-10-08 18:12:29 INFO SHA-256 calculado para o arquivo: 12.pdf
2026-10-08 18:12:29 INFO INTEGRIDADE_OK id=12
2026-10-08 18:12:29 INFO Metadados dos documentos carregados.
2026-10-08 18:12:29 INFO Documento encontrado: ID 13
2026-10-08 18:12:29 INFO SHA-256 calculado para o arquivo: 13.png
2026-10-08 18:12:29 INFO INTEGRIDADE_OK id=13
2026-10-08 18:12:29 INFO Metadados dos documentos carregados.
2026-10-08 18:12:29 INFO Documento encontrado: ID 14
2026-10-08 18:12:29 INFO SHA-256 calculado para o arquivo: 14.png
2026-10-08 18:12:29 INFO INTEGRIDADE_OK id=14
2026-10-08 18:12:29 INFO Metadados dos documentos carregados.
2026-10-08 18:12:29 INFO Documento encontrado: ID 15
2026-10-08 18:12:29 INFO SHA-256 calculado para o arquivo: 15.png
2026-10-08 18:12:29 INFO INTEGRIDADE_OK id=15
2026-10-08 18:12:29 INFO Metadados dos documentos carregados.
2026-10-08 18:12:29 INFO Documento encontrado: ID 16
2026-10-08 18:12:29 INFO SHA-256 calculado para o arquivo: 16.json
2026-10-08 18:12:29 INFO INTEGRIDADE_OK id=16
2026-10-08 18:12:29 INFO Metadados dos documentos carregados.
2026-10-08 18:12:29 INFO Documento encontrado: ID 17
2026-10-08 18:12:29 INFO SHA-256 calculado para o arquivo: 17.json
2026-10-08 18:12:29 INFO INTEGRIDADE_OK id=17
2026-10-08 18:12:29 INFO Metadados dos documentos carregados.
2026-10-08 18:12:29 INFO Metadados dos documentos carregados.
2026-10-08 18:12:29 INFO Metadados dos documentos carregados.
2026-10-08 18:12:29 INFO Metadados dos documentos carregados.
2026-10-08 18:12:29 INFO Metadados dos documentos carregados.
2026-10-08 18:12:29 WARNING Documento não encontrado: ID 1017
2026-10-08 18:23:14 INFO Metadados dos documentos carregados.
2026-10-08 18:23:14 INFO Documento encontrado: ID 7
2026-10-08 18:23:14 INFO SHA-256 calculado para o arquivo: 7.csv
2026-10-08 18:23:14 INFO INTEGRIDADE_OK id=7
2026-10-08 18:23:20 INFO Metadados dos documentos carregados.
2026-10-08 18:23:20 INFO Documento encontrado: ID 8
2026-10-08 18:23:20 INFO SHA-256 calculado para o arquivo: 8.csv
2026-10-08 18:23:20 INFO INTEGRIDADE_OK id=8
2026-10-08 18:23:23 INFO Metadados dos documentos carregados.
2026-10-08 18:23:23 INFO Documento encontrado: ID 9
2026-10-08 18:23:23 INFO SHA-256 calculado para o arquivo: 9.csv
2026-10-08 18:23:23 INFO INTEGRIDADE_OK id=9
2026-10-08 18:23:49 INFO Metadados dos documentos carregados.
2026-10-08 18:23:49 INFO Documento encontrado: ID 8
2026-10-08 18:23:49 INFO SHA-256 calculado para o arquivo: 8.csv
2026-10-08 18:23:49 INFO INTEGRIDADE_OK id=8
